≡ƒöì DB Config - Loading environment variables:
DB_HOST: localhost
DB_USER: root
DB_NAME: skillbridge
Testing calculateMatchScore(jobId=1)...
Γ£à MySQL Pool Connected Successfully!
Γ£à Test query result: 2

--- RESPONSE DATA ---
{
  "score": 100,
  "total_skills": 3,
  "matched_skills": [
    {
      "name": "javascript",
      "proficiency": "Intermediate"
    },
    {
      "name": "react",
      "proficiency": "Intermediate"
    },
    {
      "name": "node.js",
      "proficiency": "Intermediate"
    }
  ],
  "missing_skills": [],
  "feedback": "Perfect match! You have all the required skills."
}

Testing getSkillGapPathways(jobId=1)...
=== START AI SKILL GAP === { studentId: 1000, jobId: 7, jobTitle: undefined }
Fetching job skills for jobId: 7
Fetching student skills...
Calculating matches...
Generating pathways...
Saving to skill_gap_analysis... {
  studentId: 1000,
  currentJobTitle: 'UI/UX Designer',
  matchPercentage: 100,
  matched: [ 'JavaScript', 'React', 'Node.js' ],
  missing: []
}
=== END AI SKILL GAP (SUCCESS) ===

--- RESPONSE DATA ---
{
  "job_title": "UI/UX Designer",
  "match_percentage": 100,
  "matched_skills": [
    "JavaScript",
    "React",
    "Node.js"
  ],
  "missing_skills": [],
  "pathways": [],
  "recommendation": "You're a perfect match!"
}
